org/apache/iotdb/protocol/influxdb/rpc/thrift/InfluxDBService$Processor$createDatabase.class
org/apache/iotdb/protocol/influxdb/rpc/thrift/TSCreateDatabaseReq$TSCreateDatabaseReqStandardSchemeFactory.class
org/apache/iotdb/protocol/influxdb/rpc/thrift/InfluxDBService$closeSession_result$_Fields.class
org/apache/iotdb/protocol/influxdb/rpc/thrift/InfluxDBService$createDatabase_args$createDatabase_argsStandardScheme.class
org/apache/iotdb/protocol/influxdb/rpc/thrift/InfluxDBService$writePoints_args$writePoints_argsStandardScheme.class
org/apache/iotdb/protocol/influxdb/rpc/thrift/TSWritePointsReq$TSWritePointsReqTupleScheme.class
org/apache/iotdb/protocol/influxdb/rpc/thrift/TSCloseSessionReq$TSCloseSessionReqStandardSchemeFactory.class
org/apache/iotdb/protocol/influxdb/rpc/thrift/InfluxDBService$writePoints_result$writePoints_resultStandardScheme.class
org/apache/iotdb/protocol/influxdb/rpc/thrift/TSOpenSessionResp.class
org/apache/iotdb/protocol/influxdb/rpc/thrift/TSOpenSessionResp$TSOpenSessionRespStandardSchemeFactory.class
org/apache/iotdb/protocol/influxdb/rpc/thrift/InfluxDBService$Processor$writePoints.class
org/apache/iotdb/protocol/influxdb/rpc/thrift/TSCloseSessionReq$TSCloseSessionReqTupleSchemeFactory.class
org/apache/iotdb/protocol/influxdb/rpc/thrift/InfluxDBService$closeSession_result$closeSession_resultStandardScheme.class
org/apache/iotdb/protocol/influxdb/rpc/thrift/TSStatus$TSStatusTupleScheme.class
org/apache/iotdb/protocol/influxdb/rpc/thrift/TSWritePointsReq.class
org/apache/iotdb/protocol/influxdb/rpc/thrift/EndPoint$_Fields.class
org/apache/iotdb/protocol/influxdb/rpc/thrift/TSWritePointsReq$TSWritePointsReqStandardScheme.class
org/apache/iotdb/protocol/influxdb/rpc/thrift/TSOpenSessionReq$TSOpenSessionReqStandardScheme.class
org/apache/iotdb/protocol/influxdb/rpc/thrift/InfluxDBService$AsyncProcessor$writePoints$1.class
org/apache/iotdb/protocol/influxdb/rpc/thrift/EndPoint$EndPointTupleSchemeFactory.class
org/apache/iotdb/protocol/influxdb/rpc/thrift/InfluxDBService$Client$Factory.class
org/apache/iotdb/protocol/influxdb/rpc/thrift/InfluxDBService$createDatabase_args$createDatabase_argsStandardSchemeFactory.class
org/apache/iotdb/protocol/influxdb/rpc/thrift/TSOpenSessionReq$TSOpenSessionReqStandardSchemeFactory.class
org/apache/iotdb/protocol/influxdb/rpc/thrift/InfluxDBService$writePoints_args$writePoints_argsTupleSchemeFactory.class
org/apache/iotdb/protocol/influxdb/rpc/thrift/TSCloseSessionReq$1.class
org/apache/iotdb/protocol/influxdb/rpc/thrift/InfluxDBService$AsyncClient$createDatabase_call.class
org/apache/iotdb/protocol/influxdb/rpc/thrift/InfluxDBService$writePoints_result$_Fields.class
org/apache/iotdb/protocol/influxdb/rpc/thrift/TSOpenSessionReq$TSOpenSessionReqTupleScheme.class
org/apache/iotdb/protocol/influxdb/rpc/thrift/TSOpenSessionResp$TSOpenSessionRespTupleScheme.class
org/apache/iotdb/protocol/influxdb/rpc/thrift/InfluxDBService$Iface.class
org/apache/iotdb/protocol/influxdb/rpc/thrift/InfluxDBService$openSession_args.class
org/apache/iotdb/protocol/influxdb/rpc/thrift/InfluxDBService$writePoints_result$writePoints_resultTupleSchemeFactory.class
org/apache/iotdb/protocol/influxdb/rpc/thrift/TSStatus$TSStatusStandardScheme.class
org/apache/iotdb/protocol/influxdb/rpc/thrift/InfluxDBService$closeSession_result$closeSession_resultTupleSchemeFactory.class
org/apache/iotdb/protocol/influxdb/rpc/thrift/TSWritePointsReq$_Fields.class
org/apache/iotdb/protocol/influxdb/rpc/thrift/TSWritePointsReq$1.class
org/apache/iotdb/protocol/influxdb/rpc/thrift/InfluxDBService$closeSession_result$closeSession_resultStandardSchemeFactory.class
org/apache/iotdb/protocol/influxdb/rpc/thrift/InfluxDBService$closeSession_args$closeSession_argsStandardSchemeFactory.class
org/apache/iotdb/protocol/influxdb/rpc/thrift/InfluxDBService$closeSession_args$_Fields.class
org/apache/iotdb/protocol/influxdb/rpc/thrift/TSCreateDatabaseReq$TSCreateDatabaseReqTupleSchemeFactory.class
org/apache/iotdb/protocol/influxdb/rpc/thrift/InfluxDBService$writePoints_result$writePoints_resultStandardSchemeFactory.class
org/apache/iotdb/protocol/influxdb/rpc/thrift/InfluxDBService$AsyncClient$writePoints_call.class
org/apache/iotdb/protocol/influxdb/rpc/thrift/TSOpenSessionResp$TSOpenSessionRespStandardScheme.class
org/apache/iotdb/protocol/influxdb/rpc/thrift/InfluxDBService$createDatabase_args$createDatabase_argsTupleSchemeFactory.class
org/apache/iotdb/protocol/influxdb/rpc/thrift/InfluxDBService$AsyncProcessor.class
org/apache/iotdb/protocol/influxdb/rpc/thrift/TSCreateDatabaseReq$_Fields.class
org/apache/iotdb/protocol/influxdb/rpc/thrift/InfluxDBService$openSession_result$openSession_resultStandardSchemeFactory.class
org/apache/iotdb/protocol/influxdb/rpc/thrift/TSWritePointsReq$TSWritePointsReqTupleSchemeFactory.class
org/apache/iotdb/protocol/influxdb/rpc/thrift/InfluxDBService$Client.class
org/apache/iotdb/protocol/influxdb/rpc/thrift/EndPoint$EndPointStandardScheme.class
org/apache/iotdb/protocol/influxdb/rpc/thrift/InfluxDBService$createDatabase_result$createDatabase_resultStandardScheme.class
org/apache/iotdb/protocol/influxdb/rpc/thrift/InfluxDBService$writePoints_args$writePoints_argsTupleScheme.class
org/apache/iotdb/protocol/influxdb/rpc/thrift/InfluxDBService$closeSession_args$closeSession_argsTupleScheme.class
org/apache/iotdb/protocol/influxdb/rpc/thrift/TSOpenSessionReq$_Fields.class
org/apache/iotdb/protocol/influxdb/rpc/thrift/TSCreateDatabaseReq$TSCreateDatabaseReqTupleScheme.class
org/apache/iotdb/protocol/influxdb/rpc/thrift/InfluxDBService$writePoints_result$writePoints_resultTupleScheme.class
org/apache/iotdb/protocol/influxdb/rpc/thrift/EndPoint.class
org/apache/iotdb/protocol/influxdb/rpc/thrift/InfluxDBService.class
org/apache/iotdb/protocol/influxdb/rpc/thrift/InfluxDBService$closeSession_result.class
org/apache/iotdb/protocol/influxdb/rpc/thrift/TSWritePointsReq$TSWritePointsReqStandardSchemeFactory.class
org/apache/iotdb/protocol/influxdb/rpc/thrift/TSOpenSessionReq.class
org/apache/iotdb/protocol/influxdb/rpc/thrift/TSStatus$_Fields.class
org/apache/iotdb/protocol/influxdb/rpc/thrift/InfluxDBService$createDatabase_args.class
org/apache/iotdb/protocol/influxdb/rpc/thrift/InfluxDBService$writePoints_result.class
org/apache/iotdb/protocol/influxdb/rpc/thrift/TSOpenSessionResp$_Fields.class
org/apache/iotdb/protocol/influxdb/rpc/thrift/TSOpenSessionResp$1.class
org/apache/iotdb/protocol/influxdb/rpc/thrift/InfluxDBService$AsyncProcessor$closeSession.class
org/apache/iotdb/protocol/influxdb/rpc/thrift/InfluxDBService$AsyncProcessor$openSession.class
org/apache/iotdb/protocol/influxdb/rpc/thrift/InfluxDBService$openSession_result.class
org/apache/iotdb/protocol/influxdb/rpc/thrift/InfluxDBService$openSession_result$openSession_resultTupleSchemeFactory.class
org/apache/iotdb/protocol/influxdb/rpc/thrift/InfluxDBService$AsyncClient.class
org/apache/iotdb/protocol/influxdb/rpc/thrift/EndPoint$EndPointStandardSchemeFactory.class
org/apache/iotdb/protocol/influxdb/rpc/thrift/EndPoint$1.class
org/apache/iotdb/protocol/influxdb/rpc/thrift/InfluxDBService$openSession_result$openSession_resultStandardScheme.class
org/apache/iotdb/protocol/influxdb/rpc/thrift/TSOpenSessionReq$1.class
org/apache/iotdb/protocol/influxdb/rpc/thrift/TSCloseSessionReq.class
org/apache/iotdb/protocol/influxdb/rpc/thrift/InfluxDBService$openSession_result$openSession_resultTupleScheme.class
org/apache/iotdb/protocol/influxdb/rpc/thrift/InfluxDBService$closeSession_args.class
org/apache/iotdb/protocol/influxdb/rpc/thrift/InfluxDBService$createDatabase_result$createDatabase_resultTupleScheme.class
org/apache/iotdb/protocol/influxdb/rpc/thrift/TSStatus$TSStatusTupleSchemeFactory.class
org/apache/iotdb/protocol/influxdb/rpc/thrift/TSOpenSessionResp$TSOpenSessionRespTupleSchemeFactory.class
org/apache/iotdb/protocol/influxdb/rpc/thrift/InfluxDBService$closeSession_result$closeSession_resultTupleScheme.class
org/apache/iotdb/protocol/influxdb/rpc/thrift/InfluxDBService$openSession_args$openSession_argsStandardSchemeFactory.class
org/apache/iotdb/protocol/influxdb/rpc/thrift/TSCloseSessionReq$TSCloseSessionReqStandardScheme.class
org/apache/iotdb/protocol/influxdb/rpc/thrift/InfluxDBService$createDatabase_args$createDatabase_argsTupleScheme.class
org/apache/iotdb/protocol/influxdb/rpc/thrift/InfluxDBService$openSession_args$openSession_argsTupleScheme.class
org/apache/iotdb/protocol/influxdb/rpc/thrift/TSStatus$TSStatusStandardSchemeFactory.class
org/apache/iotdb/protocol/influxdb/rpc/thrift/InfluxDBService$AsyncIface.class
org/apache/iotdb/protocol/influxdb/rpc/thrift/TSCreateDatabaseReq$TSCreateDatabaseReqStandardScheme.class
org/apache/iotdb/protocol/influxdb/rpc/thrift/InfluxDBService$writePoints_args$_Fields.class
org/apache/iotdb/protocol/influxdb/rpc/thrift/InfluxDBService$openSession_args$openSession_argsStandardScheme.class
org/apache/iotdb/protocol/influxdb/rpc/thrift/InfluxDBService$AsyncProcessor$createDatabase$1.class
org/apache/iotdb/protocol/influxdb/rpc/thrift/InfluxDBService$Processor.class
org/apache/iotdb/protocol/influxdb/rpc/thrift/InfluxDBService$createDatabase_result.class
org/apache/iotdb/protocol/influxdb/rpc/thrift/InfluxDBService$createDatabase_result$createDatabase_resultTupleSchemeFactory.class
org/apache/iotdb/protocol/influxdb/rpc/thrift/TSCreateDatabaseReq$1.class
org/apache/iotdb/protocol/influxdb/rpc/thrift/InfluxDBService$openSession_args$_Fields.class
org/apache/iotdb/protocol/influxdb/rpc/thrift/InfluxDBService$AsyncProcessor$writePoints.class
org/apache/iotdb/protocol/influxdb/rpc/thrift/InfluxDBService$AsyncProcessor$closeSession$1.class
org/apache/iotdb/protocol/influxdb/rpc/thrift/InfluxDBService$openSession_result$_Fields.class
org/apache/iotdb/protocol/influxdb/rpc/thrift/InfluxDBService$AsyncClient$Factory.class
org/apache/iotdb/protocol/influxdb/rpc/thrift/InfluxDBService$openSession_args$openSession_argsTupleSchemeFactory.class
org/apache/iotdb/protocol/influxdb/rpc/thrift/InfluxDBService$createDatabase_result$_Fields.class
org/apache/iotdb/protocol/influxdb/rpc/thrift/TSCloseSessionReq$TSCloseSessionReqTupleScheme.class
org/apache/iotdb/protocol/influxdb/rpc/thrift/TSCloseSessionReq$_Fields.class
org/apache/iotdb/protocol/influxdb/rpc/thrift/InfluxDBService$closeSession_args$closeSession_argsTupleSchemeFactory.class
org/apache/iotdb/protocol/influxdb/rpc/thrift/InfluxDBService$AsyncClient$openSession_call.class
org/apache/iotdb/protocol/influxdb/rpc/thrift/InfluxDBService$createDatabase_args$_Fields.class
org/apache/iotdb/protocol/influxdb/rpc/thrift/InfluxDBService$AsyncProcessor$createDatabase.class
org/apache/iotdb/protocol/influxdb/rpc/thrift/InfluxDBService$Processor$openSession.class
org/apache/iotdb/protocol/influxdb/rpc/thrift/TSStatus.class
org/apache/iotdb/protocol/influxdb/rpc/thrift/InfluxDBService$Processor$closeSession.class
org/apache/iotdb/protocol/influxdb/rpc/thrift/InfluxDBService$closeSession_args$closeSession_argsStandardScheme.class
org/apache/iotdb/protocol/influxdb/rpc/thrift/InfluxDBService$AsyncProcessor$openSession$1.class
org/apache/iotdb/protocol/influxdb/rpc/thrift/TSStatus$1.class
org/apache/iotdb/protocol/influxdb/rpc/thrift/InfluxDBService$1.class
org/apache/iotdb/protocol/influxdb/rpc/thrift/InfluxDBService$AsyncClient$closeSession_call.class
org/apache/iotdb/protocol/influxdb/rpc/thrift/TSCreateDatabaseReq.class
org/apache/iotdb/protocol/influxdb/rpc/thrift/InfluxDBService$writePoints_args$writePoints_argsStandardSchemeFactory.class
org/apache/iotdb/protocol/influxdb/rpc/thrift/InfluxDBService$writePoints_args.class
org/apache/iotdb/protocol/influxdb/rpc/thrift/TSOpenSessionReq$TSOpenSessionReqTupleSchemeFactory.class
org/apache/iotdb/protocol/influxdb/rpc/thrift/EndPoint$EndPointTupleScheme.class
org/apache/iotdb/protocol/influxdb/rpc/thrift/InfluxDBService$createDatabase_result$createDatabase_resultStandardSchemeFactory.class
